php : PHP Warning:  Module "pgsql" is 
already loaded in Unknown on line 0
At line:1 char:1
+ php artisan test tests/Feature/Auth/
AuthenticationTest.php > test_out ...
+ ~~~~~~~~~~~~~~~~~~~~~~~~~~~~~~~~~~~~
~~~~~~~~~~~~~~~~~~~~~~~~~~~~~~~~~
    + CategoryInfo          : NotSpec 
   ified: (PHP Warning:  M...known o  
  n line 0:String) [], RemoteExcept   
 ion
    + FullyQualifiedErrorId : NativeC 
   ommandError
 

Warning: Module "pgsql" is already loaded in Unknown on line 0

Warning: Module "pgsql" is already loaded in Unknown on line 0
PHP Warning:  Module "pgsql" is already loaded in Unknown on line 0

   FAIL  Tests\Feature\Auth\AuthenticationTest
  Γ£ô login screen can be renderΓÇª 0.47s  
  Γ¿» users can authenticate usiΓÇª 0.10s  
  Γ¿» users with two factor enabΓÇª 0.05s  
  Γ¿» users can not authenticateΓÇª 0.04s  
  Γ¿» users can logout            0.06s  
  Γ¿» users are rate limited      0.05s  
  ΓöÇΓöÇΓöÇΓöÇΓöÇΓöÇΓöÇΓöÇΓöÇΓöÇΓöÇΓöÇΓöÇΓöÇΓöÇΓöÇΓöÇΓöÇΓöÇΓöÇΓöÇΓöÇΓöÇΓöÇΓöÇΓöÇΓöÇΓöÇΓöÇΓöÇΓöÇΓöÇΓöÇΓöÇΓöÇ  
   FAILED  Tests\FeΓÇª  QueryException   
  SQLSTATE[HY000] [1049] Unknown database ':memory:' (Connection: mysql, Host: 127.0.0.1, Port: 3306, Database: :memory:, SQL: insert into `users` (`name`, `email`, `email_verified_at`, `password`, `remember_token`, `two_factor_secret`, `two_factor_recovery_codes`, `two_factor_confirmed_at`, `updated_at`, `created_at`) values (Kitty Zboncak DDS, rollin.rowe@example.com, 2026-03-10 08:39:15, $2y$04$iY95dhMa2vxM6RofFsORi.iHRClcLEwXnewgVu2UZxyx9y/9aerZK, Sy4qKJaQ4L, ?, ?, ?, 2026-03-10 08:39:15, 2026-03-10 08:39:15))

  at vendor\laravel\framework\src\Illuminate\Database\Connectors\Connector.php:66
     62Γûò      */
     63Γûò     protected function createPdoConnection($dsn, $username, #[\SensitiveParameter] $password, $options)
     64Γûò     {
     65Γûò         return version_compare(PHP_VERSION, '8.4.0', '<')
  Γ₧£  66Γûò             ? new PDO($dsn, $username, $password, $options)
     67Γûò             : PDO::connect($dsn, $username, $password, $options); /** @phpstan-ignore staticMethod.notFound (PHP 8.4) */
     68Γûò     }
     69Γûò 
     70Γûò     /**

  1   vendor\laravel\framework\src\Illuminate\Database\Connectors\Connector.php:66
  2   vendor\laravel\framework\src\Illuminate\Database\Connectors\Connector.php:44

  ΓöÇΓöÇΓöÇΓöÇΓöÇΓöÇΓöÇΓöÇΓöÇΓöÇΓöÇΓöÇΓöÇΓöÇΓöÇΓöÇΓöÇΓöÇΓöÇΓöÇΓöÇΓöÇΓöÇΓöÇΓöÇΓöÇΓöÇΓöÇΓöÇΓöÇΓöÇΓöÇΓöÇΓöÇΓöÇ  
   FAILED  Tests\FeΓÇª  QueryException   
  SQLSTATE[HY000] [1049] Unknown database ':memory:' (Connection: mysql, Host: 127.0.0.1, Port: 3306, Database: :memory:, SQL: insert into `users` (`name`, `email`, `email_verified_at`, `password`, `remember_token`, `two_factor_secret`, `two_factor_recovery_codes`, `two_factor_confirmed_at`, `updated_at`, `created_at`) values (Kendra Mraz, hodkiewicz.stephanie@example.net, 2026-03-10 08:39:15, $2y$04$iY95dhMa2vxM6RofFsORi.iHRClcLEwXnewgVu2UZxyx9y/9aerZK, VbwPaPbPEU, ?, ?, ?, 2026-03-10 08:39:15, 2026-03-10 08:39:15))

  at vendor\laravel\framework\src\Illuminate\Database\Connectors\Connector.php:66
     62Γûò      */
     63Γûò     protected function createPdoConnection($dsn, $username, #[\SensitiveParameter] $password, $options)
     64Γûò     {
     65Γûò         return version_compare(PHP_VERSION, '8.4.0', '<')
  Γ₧£  66Γûò             ? new PDO($dsn, $username, $password, $options)
     67Γûò             : PDO::connect($dsn, $username, $password, $options); /** @phpstan-ignore staticMethod.notFound (PHP 8.4) */
     68Γûò     }
     69Γûò 
     70Γûò     /**

  1   vendor\laravel\framework\src\Illuminate\Database\Connectors\Connector.php:66
  2   vendor\laravel\framework\src\Illuminate\Database\Connectors\Connector.php:44

  ΓöÇΓöÇΓöÇΓöÇΓöÇΓöÇΓöÇΓöÇΓöÇΓöÇΓöÇΓöÇΓöÇΓöÇΓöÇΓöÇΓöÇΓöÇΓöÇΓöÇΓöÇΓöÇΓöÇΓöÇΓöÇΓöÇΓöÇΓöÇΓöÇΓöÇΓöÇΓöÇΓöÇΓöÇΓöÇ  
   FAILED  Tests\FeΓÇª  QueryException   
  SQLSTATE[HY000] [1049] Unknown database ':memory:' (Connection: mysql, Host: 127.0.0.1, Port: 3306, Database: :memory:, SQL: insert into `users` (`name`, `email`, `email_verified_at`, `password`, `remember_token`, `two_factor_secret`, `two_factor_recovery_codes`, `two_factor_confirmed_at`, `updated_at`, `created_at`) values (Dr. Jared Ledner, marcel.mcglynn@example.net, 2026-03-10 08:39:15, $2y$04$iY95dhMa2vxM6RofFsORi.iHRClcLEwXnewgVu2UZxyx9y/9aerZK, eEP4LjMlHf, ?, ?, ?, 2026-03-10 08:39:15, 2026-03-10 08:39:15))

  at vendor\laravel\framework\src\Illuminate\Database\Connectors\Connector.php:66
     62Γûò      */
     63Γûò     protected function createPdoConnection($dsn, $username, #[\SensitiveParameter] $password, $options)
     64Γûò     {
     65Γûò         return version_compare(PHP_VERSION, '8.4.0', '<')
  Γ₧£  66Γûò             ? new PDO($dsn, $username, $password, $options)
     67Γûò             : PDO::connect($dsn, $username, $password, $options); /** @phpstan-ignore staticMethod.notFound (PHP 8.4) */
     68Γûò     }
     69Γûò 
     70Γûò     /**

  1   vendor\laravel\framework\src\Illuminate\Database\Connectors\Connector.php:66
  2   vendor\laravel\framework\src\Illuminate\Database\Connectors\Connector.php:44

  ΓöÇΓöÇΓöÇΓöÇΓöÇΓöÇΓöÇΓöÇΓöÇΓöÇΓöÇΓöÇΓöÇΓöÇΓöÇΓöÇΓöÇΓöÇΓöÇΓöÇΓöÇΓöÇΓöÇΓöÇΓöÇΓöÇΓöÇΓöÇΓöÇΓöÇΓöÇΓöÇΓöÇΓöÇΓöÇ  
   FAILED  Tests\FeΓÇª  QueryException   
  SQLSTATE[HY000] [1049] Unknown database ':memory:' (Connection: mysql, Host: 127.0.0.1, Port: 3306, Database: :memory:, SQL: insert into `users` (`name`, `email`, `email_verified_at`, `password`, `remember_token`, `two_factor_secret`, `two_factor_recovery_codes`, `two_factor_confirmed_at`, `updated_at`, `created_at`) values (Dr. Adan Macejkovic II, rosamond.king@example.net, 2026-03-10 08:39:15, $2y$04$iY95dhMa2vxM6RofFsORi.iHRClcLEwXnewgVu2UZxyx9y/9aerZK, LpEqGp5Ram, ?, ?, ?, 2026-03-10 08:39:15, 2026-03-10 08:39:15))

  at vendor\laravel\framework\src\Illuminate\Database\Connectors\Connector.php:66
     62Γûò      */
     63Γûò     protected function createPdoConnection($dsn, $username, #[\SensitiveParameter] $password, $options)
     64Γûò     {
     65Γûò         return version_compare(PHP_VERSION, '8.4.0', '<')
  Γ₧£  66Γûò             ? new PDO($dsn, $username, $password, $options)
     67Γûò             : PDO::connect($dsn, $username, $password, $options); /** @phpstan-ignore staticMethod.notFound (PHP 8.4) */
     68Γûò     }
     69Γûò 
     70Γûò     /**

  1   vendor\laravel\framework\src\Illuminate\Database\Connectors\Connector.php:66
  2   vendor\laravel\framework\src\Illuminate\Database\Connectors\Connector.php:44

  ΓöÇΓöÇΓöÇΓöÇΓöÇΓöÇΓöÇΓöÇΓöÇΓöÇΓöÇΓöÇΓöÇΓöÇΓöÇΓöÇΓöÇΓöÇΓöÇΓöÇΓöÇΓöÇΓöÇΓöÇΓöÇΓöÇΓöÇΓöÇΓöÇΓöÇΓöÇΓöÇΓöÇΓöÇΓöÇ  
   FAILED  Tests\FeΓÇª  QueryException   
  SQLSTATE[HY000] [1049] Unknown database ':memory:' (Connection: mysql, Host: 127.0.0.1, Port: 3306, Database: :memory:, SQL: insert into `users` (`name`, `email`, `email_verified_at`, `password`, `remember_token`, `two_factor_secret`, `two_factor_recovery_codes`, `two_factor_confirmed_at`, `updated_at`, `created_at`) values (Aniya Corkery, jast.landen@example.org, 2026-03-10 08:39:15, $2y$04$iY95dhMa2vxM6RofFsORi.iHRClcLEwXnewgVu2UZxyx9y/9aerZK, lgpY2ENlRs, ?, ?, ?, 2026-03-10 08:39:15, 2026-03-10 08:39:15))

  at vendor\laravel\framework\src\Illuminate\Database\Connectors\Connector.php:66
     62Γûò      */
     63Γûò     protected function createPdoConnection($dsn, $username, #[\SensitiveParameter] $password, $options)
     64Γûò     {
     65Γûò         return version_compare(PHP_VERSION, '8.4.0', '<')
  Γ₧£  66Γûò             ? new PDO($dsn, $username, $password, $options)
     67Γûò             : PDO::connect($dsn, $username, $password, $options); /** @phpstan-ignore staticMethod.notFound (PHP 8.4) */
     68Γûò     }
     69Γûò 
     70Γûò     /**

  1   vendor\laravel\framework\src\Illuminate\Database\Connectors\Connector.php:66
  2   vendor\laravel\framework\src\Illuminate\Database\Connectors\Connector.php:44


  Tests:    5 failed, 1 passed (1 assertions)
  Duration: 0.99s

